// Jest Snapshot v1, https://goo.gl/fbAQLP

exports[`App empty 1`] = `
<div
  class="StyledGrommet-sc-19lkkz7-0 jirFMY"
  style="min-height: 100vh;"
>
  <div
    class="StyledGrid-sc-1wofa1l-0 ddKkfK"
  >
    <div
      class="StyledBox-sc-13pk1d4-0 liVojN"
    >
      <div
        class="StyledBox-sc-13pk1d4-0 eDfpaJ"
      >
        <div
          class="StyledBox-sc-13pk1d4-0 dIHSGy"
        >
          <button
            class="StyledButton-sc-323bzc-0 eSUzDo"
            title="choose another site"
            type="button"
          >
            <svg
              aria-label="Apps"
              class="StyledIcon-ofa7kd-0 dcacLZ"
              viewBox="0 0 24 24"
            >
              <path
                d="M19,5 L21,5 L21,3 L19,3 L19,5 Z M11,5 L13,5 L13,3 L11,3 L11,5 Z M3,5 L5,5 L5,3 L3,3 L3,5 Z M19,13 L21,13 L21,11 L19,11 L19,13 Z M11,13 L13,13 L13,11 L11,11 L11,13 Z M3,13 L5,13 L5,11 L3,11 L3,13 Z M19,21 L21,21 L21,19 L19,19 L19,21 Z M11,21 L13,21 L13,19 L11,19 L11,21 Z M3,21 L5,21 L5,19 L3,19 L3,21 Z"
                fill="none"
                stroke="#000"
                stroke-width="2"
              />
            </svg>
          </button>
        </div>
        <div
          class="StyledBox-sc-13pk1d4-0 dIHSGy"
        >
          <button
            class="StyledButton-sc-323bzc-0 iyUonS"
            disabled=""
            title="undo last change"
            type="button"
          >
            <svg
              aria-label="Undo"
              class="StyledIcon-ofa7kd-0 dcacLZ"
              viewBox="0 0 24 24"
            >
              <path
                d="M7.18,4,8.6,5.44,6.06,8h9.71a6,6,0,0,1,0,12h-2V18h2a4,4,0,0,0,0-8H6.06L8.6,12.51,7.18,13.92,2.23,9Z"
              />
            </svg>
          </button>
        </div>
        <div
          class="StyledBox-sc-13pk1d4-0 dIHSGy"
        >
          <button
            class="StyledButton-sc-323bzc-0 iyUonS"
            disabled=""
            title="redo last change"
            type="button"
          >
            <svg
              aria-label="Redo"
              class="StyledIcon-ofa7kd-0 dcacLZ"
              viewBox="0 0 24 24"
            >
              <path
                d="M16.82,4,15.4,5.44,17.94,8H8.23a6,6,0,0,0,0,12h2V18h-2a4,4,0,0,1,0-8h9.71L15.4,12.51l1.41,1.41L21.77,9Z"
              />
            </svg>
          </button>
        </div>
        <div
          class="StyledBox-sc-13pk1d4-0 dIHSGy"
        >
          <button
            class="StyledButton-sc-323bzc-0 eSUzDo"
            type="button"
          >
            <svg
              aria-label="Share"
              class="StyledIcon-ofa7kd-0 dcacLZ"
              viewBox="0 0 24 24"
            >
              <path
                d="M19,13 L19,23 L1,23 L1,5 L1,5 L11,5 M14,1 L23,1 L23,10 M10,14 L22.9999998,1 L10,14 Z"
                fill="none"
                stroke="#000"
                stroke-width="2"
              />
            </svg>
          </button>
        </div>
      </div>
      <div
        class="StyledBox-sc-13pk1d4-0 dIHSGy"
      >
        <a
          class="StyledButton-sc-323bzc-0 bxJlDa"
          href="/"
        >
          <div
            class="StyledBox-sc-13pk1d4-0 cfaCYy"
          >
            <span
              class="StyledText-sc-1sadyjn-0 bjiDFt"
            >
              My Site
            </span>
          </div>
        </a>
        <div
          class="StyledBox-sc-13pk1d4-0 dIHSGy"
        >
          <a
            class="StyledButton-sc-323bzc-0 gZQNKu"
            href="/welcome"
          >
            <div
              class="StyledBox-sc-13pk1d4-0 ebRnHD"
            >
              <span
                class="StyledText-sc-1sadyjn-0 eZmNrr"
              >
                welcome
              </span>
            </div>
          </a>
          <div
            class="StyledBox-sc-13pk1d4-0 fUbqbv"
          >
            <a
              class="StyledButton-sc-323bzc-0 gZQNKu"
              href="/join"
            >
              <div
                class="StyledBox-sc-13pk1d4-0 ebRnHD"
              >
                <span
                  class="StyledText-sc-1sadyjn-0 eZmNrr"
                >
                  join
                </span>
              </div>
            </a>
            <a
              class="StyledButton-sc-323bzc-0 gZQNKu"
              href="/explore"
            >
              <div
                class="StyledBox-sc-13pk1d4-0 ebRnHD"
              >
                <span
                  class="StyledText-sc-1sadyjn-0 eZmNrr"
                >
                  explore
                </span>
              </div>
            </a>
            <button
              class="StyledButton-sc-323bzc-0 gZQNKu"
              title="add a page"
              type="button"
            >
              <div
                class="StyledBox-sc-13pk1d4-0 kOKFMN"
              >
                <svg
                  aria-label="FormAdd"
                  class="StyledIcon-ofa7kd-0 fsIAZB"
                  viewBox="0 0 24 24"
                >
                  <path
                    d="M12,18 L12,6 M6,12 L18,12"
                    fill="none"
                    stroke="#000"
                    stroke-width="2"
                  />
                </svg>
              </div>
            </button>
          </div>
        </div>
        <div
          class="StyledBox-sc-13pk1d4-0 dIHSGy"
        >
          <a
            class="StyledButton-sc-323bzc-0 gZQNKu"
            href="/about"
          >
            <div
              class="StyledBox-sc-13pk1d4-0 ebRnHD"
            >
              <span
                class="StyledText-sc-1sadyjn-0 eZmNrr"
              >
                about
              </span>
            </div>
          </a>
          <div
            class="StyledBox-sc-13pk1d4-0 fUbqbv"
          >
            <a
              class="StyledButton-sc-323bzc-0 gZQNKu"
              href="/contact"
            >
              <div
                class="StyledBox-sc-13pk1d4-0 ebRnHD"
              >
                <span
                  class="StyledText-sc-1sadyjn-0 eZmNrr"
                >
                  contact
                </span>
              </div>
            </a>
            <a
              class="StyledButton-sc-323bzc-0 gZQNKu"
              href="/legal"
            >
              <div
                class="StyledBox-sc-13pk1d4-0 ebRnHD"
              >
                <span
                  class="StyledText-sc-1sadyjn-0 eZmNrr"
                >
                  legal
                </span>
              </div>
            </a>
            <button
              class="StyledButton-sc-323bzc-0 gZQNKu"
              title="add a page"
              type="button"
            >
              <div
                class="StyledBox-sc-13pk1d4-0 kOKFMN"
              >
                <svg
                  aria-label="FormAdd"
                  class="StyledIcon-ofa7kd-0 fsIAZB"
                  viewBox="0 0 24 24"
                >
                  <path
                    d="M12,18 L12,6 M6,12 L18,12"
                    fill="none"
                    stroke="#000"
                    stroke-width="2"
                  />
                </svg>
              </div>
            </button>
          </div>
        </div>
        <button
          class="StyledButton-sc-323bzc-0 gZQNKu"
          title="add a chapter"
          type="button"
        >
          <div
            class="StyledBox-sc-13pk1d4-0 kOKFMN"
          >
            <svg
              aria-label="FormAdd"
              class="StyledIcon-ofa7kd-0 fsIAZB"
              viewBox="0 0 24 24"
            >
              <path
                d="M12,18 L12,6 M6,12 L18,12"
                fill="none"
                stroke="#000"
                stroke-width="2"
              />
            </svg>
          </div>
        </button>
      </div>
    </div>
    <div
      class="StyledBox-sc-13pk1d4-0 kOVSJs"
    >
      <div
        class="StyledBox-sc-13pk1d4-0 yJTeU"
      >
        <button
          class="StyledButton-sc-323bzc-0 jvgufq"
          type="button"
        >
          <div
            class="StyledBox-sc-13pk1d4-0 ldcOKx"
          >
            content
          </div>
        </button>
        <button
          class="StyledButton-sc-323bzc-0 jvgufq"
          type="button"
        >
          <div
            class="StyledBox-sc-13pk1d4-0 jsieLm"
          >
            details
          </div>
        </button>
      </div>
      <div
        class="StyledBox-sc-13pk1d4-0 ZZZWw"
      >
        <textarea
          class="StyledTextArea-sc-17i3mwp-0 bQtbVE"
          id="content"
          name="content"
        >
          # My Site
        </textarea>
      </div>
    </div>
    <div
      class="StyledBox-sc-13pk1d4-0 bbkpFD"
    >
      <div
        class="StyledBox-sc-13pk1d4-0 AsXxn"
      >
        <svg
          aria-label="Document"
          class="StyledIcon-ofa7kd-0 krSGuh"
          viewBox="0 0 24 24"
        >
          <path
            d="M14,1 L14,8 L21,8 M21,23 L3,23 L3,1 L15,1 L18,4 L21,7 L21,23 L21,23 L21,23 Z"
            fill="none"
            stroke="#000"
            stroke-width="2"
          />
        </svg>
      </div>
    </div>
  </div>
</div>
`;

exports[`App empty 2`] = `
<div
  class="StyledGrommet-sc-19lkkz7-0 jirFMY"
  style="min-height: 100vh;"
>
  <div
    class="StyledGrid-sc-1wofa1l-0 ddKkfK"
  >
    <div
      class="StyledBox-sc-13pk1d4-0 liVojN"
    >
      <div
        class="StyledBox-sc-13pk1d4-0 eDfpaJ"
      >
        <div
          class="StyledBox-sc-13pk1d4-0 dIHSGy"
        >
          <button
            class="StyledButton-sc-323bzc-0 eSUzDo"
            title="choose another site"
            type="button"
          >
            <svg
              aria-label="Apps"
              class="StyledIcon-ofa7kd-0 dcacLZ"
              viewBox="0 0 24 24"
            >
              <path
                d="M19,5 L21,5 L21,3 L19,3 L19,5 Z M11,5 L13,5 L13,3 L11,3 L11,5 Z M3,5 L5,5 L5,3 L3,3 L3,5 Z M19,13 L21,13 L21,11 L19,11 L19,13 Z M11,13 L13,13 L13,11 L11,11 L11,13 Z M3,13 L5,13 L5,11 L3,11 L3,13 Z M19,21 L21,21 L21,19 L19,19 L19,21 Z M11,21 L13,21 L13,19 L11,19 L11,21 Z M3,21 L5,21 L5,19 L3,19 L3,21 Z"
                fill="none"
                stroke="#000"
                stroke-width="2"
              />
            </svg>
          </button>
        </div>
        <div
          class="StyledBox-sc-13pk1d4-0 dIHSGy"
        >
          <button
            class="StyledButton-sc-323bzc-0 iyUonS"
            disabled=""
            title="undo last change"
            type="button"
          >
            <svg
              aria-label="Undo"
              class="StyledIcon-ofa7kd-0 dcacLZ"
              viewBox="0 0 24 24"
            >
              <path
                d="M7.18,4,8.6,5.44,6.06,8h9.71a6,6,0,0,1,0,12h-2V18h2a4,4,0,0,0,0-8H6.06L8.6,12.51,7.18,13.92,2.23,9Z"
              />
            </svg>
          </button>
        </div>
        <div
          class="StyledBox-sc-13pk1d4-0 dIHSGy"
        >
          <button
            class="StyledButton-sc-323bzc-0 iyUonS"
            disabled=""
            title="redo last change"
            type="button"
          >
            <svg
              aria-label="Redo"
              class="StyledIcon-ofa7kd-0 dcacLZ"
              viewBox="0 0 24 24"
            >
              <path
                d="M16.82,4,15.4,5.44,17.94,8H8.23a6,6,0,0,0,0,12h2V18h-2a4,4,0,0,1,0-8h9.71L15.4,12.51l1.41,1.41L21.77,9Z"
              />
            </svg>
          </button>
        </div>
        <div
          class="StyledBox-sc-13pk1d4-0 dIHSGy"
        >
          <button
            class="StyledButton-sc-323bzc-0 eSUzDo"
            type="button"
          >
            <svg
              aria-label="Share"
              class="StyledIcon-ofa7kd-0 dcacLZ"
              viewBox="0 0 24 24"
            >
              <path
                d="M19,13 L19,23 L1,23 L1,5 L1,5 L11,5 M14,1 L23,1 L23,10 M10,14 L22.9999998,1 L10,14 Z"
                fill="none"
                stroke="#000"
                stroke-width="2"
              />
            </svg>
          </button>
        </div>
      </div>
      <div
        class="StyledBox-sc-13pk1d4-0 dIHSGy"
      >
        <a
          class="StyledButton-sc-323bzc-0 bxJlDa"
          href="/"
        >
          <div
            class="StyledBox-sc-13pk1d4-0 cfaCYy"
          >
            <span
              class="StyledText-sc-1sadyjn-0 bjiDFt"
            >
              My Site
            </span>
          </div>
        </a>
        <div
          class="StyledBox-sc-13pk1d4-0 dIHSGy"
        >
          <a
            class="StyledButton-sc-323bzc-0 gZQNKu"
            href="/welcome"
          >
            <div
              class="StyledBox-sc-13pk1d4-0 ebRnHD"
            >
              <span
                class="StyledText-sc-1sadyjn-0 eZmNrr"
              >
                welcome
              </span>
            </div>
          </a>
          <div
            class="StyledBox-sc-13pk1d4-0 fUbqbv"
          >
            <a
              class="StyledButton-sc-323bzc-0 gZQNKu"
              href="/join"
            >
              <div
                class="StyledBox-sc-13pk1d4-0 ebRnHD"
              >
                <span
                  class="StyledText-sc-1sadyjn-0 eZmNrr"
                >
                  join
                </span>
              </div>
            </a>
            <a
              class="StyledButton-sc-323bzc-0 gZQNKu"
              href="/explore"
            >
              <div
                class="StyledBox-sc-13pk1d4-0 ebRnHD"
              >
                <span
                  class="StyledText-sc-1sadyjn-0 eZmNrr"
                >
                  explore
                </span>
              </div>
            </a>
            <button
              class="StyledButton-sc-323bzc-0 gZQNKu"
              title="add a page"
              type="button"
            >
              <div
                class="StyledBox-sc-13pk1d4-0 kOKFMN"
              >
                <svg
                  aria-label="FormAdd"
                  class="StyledIcon-ofa7kd-0 fsIAZB"
                  viewBox="0 0 24 24"
                >
                  <path
                    d="M12,18 L12,6 M6,12 L18,12"
                    fill="none"
                    stroke="#000"
                    stroke-width="2"
                  />
                </svg>
              </div>
            </button>
          </div>
        </div>
        <div
          class="StyledBox-sc-13pk1d4-0 dIHSGy"
        >
          <a
            class="StyledButton-sc-323bzc-0 gZQNKu"
            href="/about"
          >
            <div
              class="StyledBox-sc-13pk1d4-0 ebRnHD"
            >
              <span
                class="StyledText-sc-1sadyjn-0 eZmNrr"
              >
                about
              </span>
            </div>
          </a>
          <div
            class="StyledBox-sc-13pk1d4-0 fUbqbv"
          >
            <a
              class="StyledButton-sc-323bzc-0 gZQNKu"
              href="/contact"
            >
              <div
                class="StyledBox-sc-13pk1d4-0 ebRnHD"
              >
                <span
                  class="StyledText-sc-1sadyjn-0 eZmNrr"
                >
                  contact
                </span>
              </div>
            </a>
            <a
              class="StyledButton-sc-323bzc-0 gZQNKu"
              href="/legal"
            >
              <div
                class="StyledBox-sc-13pk1d4-0 ebRnHD"
              >
                <span
                  class="StyledText-sc-1sadyjn-0 eZmNrr"
                >
                  legal
                </span>
              </div>
            </a>
            <button
              class="StyledButton-sc-323bzc-0 gZQNKu"
              title="add a page"
              type="button"
            >
              <div
                class="StyledBox-sc-13pk1d4-0 kOKFMN"
              >
                <svg
                  aria-label="FormAdd"
                  class="StyledIcon-ofa7kd-0 fsIAZB"
                  viewBox="0 0 24 24"
                >
                  <path
                    d="M12,18 L12,6 M6,12 L18,12"
                    fill="none"
                    stroke="#000"
                    stroke-width="2"
                  />
                </svg>
              </div>
            </button>
          </div>
        </div>
        <button
          class="StyledButton-sc-323bzc-0 gZQNKu"
          title="add a chapter"
          type="button"
        >
          <div
            class="StyledBox-sc-13pk1d4-0 kOKFMN"
          >
            <svg
              aria-label="FormAdd"
              class="StyledIcon-ofa7kd-0 fsIAZB"
              viewBox="0 0 24 24"
            >
              <path
                d="M12,18 L12,6 M6,12 L18,12"
                fill="none"
                stroke="#000"
                stroke-width="2"
              />
            </svg>
          </div>
        </button>
      </div>
    </div>
    <div
      class="StyledBox-sc-13pk1d4-0 kOVSJs"
    >
      <div
        class="StyledBox-sc-13pk1d4-0 yJTeU"
      >
        <button
          class="StyledButton-sc-323bzc-0 jvgufq"
          type="button"
        >
          <div
            class="StyledBox-sc-13pk1d4-0 ldcOKx"
          >
            content
          </div>
        </button>
        <button
          class="StyledButton-sc-323bzc-0 jvgufq"
          type="button"
        >
          <div
            class="StyledBox-sc-13pk1d4-0 jsieLm"
          >
            details
          </div>
        </button>
      </div>
      <div
        class="StyledBox-sc-13pk1d4-0 ZZZWw"
      >
        <textarea
          class="StyledTextArea-sc-17i3mwp-0 bQtbVE"
          id="content"
          name="content"
        >
          # My Site
        </textarea>
      </div>
    </div>
    <div
      class="StyledBox-sc-13pk1d4-0 bbkpFD"
    >
      <div
        class="StyledBox-sc-13pk1d4-0 AsXxn"
      >
        <svg
          aria-label="Document"
          class="StyledIcon-ofa7kd-0 krSGuh"
          viewBox="0 0 24 24"
        >
          <path
            d="M14,1 L14,8 L21,8 M21,23 L3,23 L3,1 L15,1 L18,4 L21,7 L21,23 L21,23 L21,23 Z"
            fill="none"
            stroke="#000"
            stroke-width="2"
          />
        </svg>
      </div>
    </div>
  </div>
</div>
`;
