// Jest Snapshot v1, https://goo.gl/fbAQLP

exports[`App empty 1`] = `
<div
  class="StyledGrommet-sc-19lkkz7-0 Tyrqd"
  style="min-height: 100vh;"
>
  <div
    class="StyledGrid-sc-1wofa1l-0 coLLCH"
  >
    <div
      class="StyledBox-sc-13pk1d4-0 gVMnUQ"
    >
      <div
        class="StyledBox-sc-13pk1d4-0 hevOYs"
      >
        <div
          class="StyledBox-sc-13pk1d4-0 fHIHJf"
        >
          <button
            class="StyledButton-sc-323bzc-0 dOEgHg"
            title="choose another site"
            type="button"
          >
            <svg
              aria-label="Apps"
              class="StyledIcon-sc-ofa7kd-0 eJclys"
              viewBox="0 0 24 24"
            >
              <path
                d="M19 5h2V3h-2v2zm-8 0h2V3h-2v2zM3 5h2V3H3v2zm16 8h2v-2h-2v2zm-8 0h2v-2h-2v2zm-8 0h2v-2H3v2zm16 8h2v-2h-2v2zm-8 0h2v-2h-2v2zm-8 0h2v-2H3v2z"
                fill="none"
                stroke="#000"
                stroke-width="2"
              />
            </svg>
          </button>
        </div>
        <div
          class="StyledBox-sc-13pk1d4-0 fHIHJf"
        >
          <button
            class="StyledButton-sc-323bzc-0 fCysDe"
            disabled=""
            title="undo last change"
            type="button"
          >
            <svg
              aria-label="Undo"
              class="StyledIcon-sc-ofa7kd-0 eJclys"
              viewBox="0 0 24 24"
            >
              <path
                d="M7.18 4 8.6 5.44 6.06 8h9.71a6 6 0 0 1 0 12h-2v-2h2a4 4 0 0 0 0-8H6.06l2.54 2.51-1.42 1.41L2.23 9z"
              />
            </svg>
          </button>
        </div>
        <div
          class="StyledBox-sc-13pk1d4-0 fHIHJf"
        >
          <button
            class="StyledButton-sc-323bzc-0 fCysDe"
            disabled=""
            title="redo last change"
            type="button"
          >
            <svg
              aria-label="Redo"
              class="StyledIcon-sc-ofa7kd-0 eJclys"
              viewBox="0 0 24 24"
            >
              <path
                d="M16.82 4 15.4 5.44 17.94 8H8.23a6 6 0 0 0 0 12h2v-2h-2a4 4 0 0 1 0-8h9.71l-2.54 2.51 1.41 1.41L21.77 9z"
              />
            </svg>
          </button>
        </div>
        <div
          class="StyledBox-sc-13pk1d4-0 fHIHJf"
        >
          <button
            class="StyledButton-sc-323bzc-0 dOEgHg"
            type="button"
          >
            <svg
              aria-label="Share"
              class="StyledIcon-sc-ofa7kd-0 eJclys"
              viewBox="0 0 24 24"
            >
              <path
                d="M19 13v10H1V5h10m3-4h9v9m-13 4L23 1 10 14z"
                fill="none"
                stroke="#000"
                stroke-width="2"
              />
            </svg>
          </button>
        </div>
      </div>
      <div
        class="StyledBox-sc-13pk1d4-0 fHIHJf"
      >
        <a
          class="StyledButton-sc-323bzc-0 iNHIgu"
          href="/"
        >
          <div
            class="StyledBox-sc-13pk1d4-0 aNszv"
          >
            <span
              class="StyledText-sc-1sadyjn-0 hMxfug"
            >
              My Site
            </span>
          </div>
        </a>
        <div
          class="StyledBox-sc-13pk1d4-0 fHIHJf"
        >
          <a
            class="StyledButton-sc-323bzc-0 kIqGcK"
            href="/welcome"
          >
            <div
              class="StyledBox-sc-13pk1d4-0 gVMsju"
            >
              <span
                class="StyledText-sc-1sadyjn-0 KoMJG"
              >
                welcome
              </span>
            </div>
          </a>
          <div
            class="StyledBox-sc-13pk1d4-0 dumUMO"
          >
            <a
              class="StyledButton-sc-323bzc-0 kIqGcK"
              href="/join"
            >
              <div
                class="StyledBox-sc-13pk1d4-0 gVMsju"
              >
                <span
                  class="StyledText-sc-1sadyjn-0 KoMJG"
                >
                  join
                </span>
              </div>
            </a>
            <a
              class="StyledButton-sc-323bzc-0 kIqGcK"
              href="/explore"
            >
              <div
                class="StyledBox-sc-13pk1d4-0 gVMsju"
              >
                <span
                  class="StyledText-sc-1sadyjn-0 KoMJG"
                >
                  explore
                </span>
              </div>
            </a>
            <button
              class="StyledButton-sc-323bzc-0 kIqGcK"
              title="add a page"
              type="button"
            >
              <div
                class="StyledBox-sc-13pk1d4-0 gaBPXI"
              >
                <svg
                  aria-label="FormAdd"
                  class="StyledIcon-sc-ofa7kd-0 bsfwzU"
                  viewBox="0 0 24 24"
                >
                  <path
                    d="M12 18V6m-6 6h12"
                    fill="none"
                    stroke="#000"
                    stroke-width="2"
                  />
                </svg>
              </div>
            </button>
          </div>
        </div>
        <div
          class="StyledBox-sc-13pk1d4-0 fHIHJf"
        >
          <a
            class="StyledButton-sc-323bzc-0 kIqGcK"
            href="/about"
          >
            <div
              class="StyledBox-sc-13pk1d4-0 gVMsju"
            >
              <span
                class="StyledText-sc-1sadyjn-0 KoMJG"
              >
                about
              </span>
            </div>
          </a>
          <div
            class="StyledBox-sc-13pk1d4-0 dumUMO"
          >
            <a
              class="StyledButton-sc-323bzc-0 kIqGcK"
              href="/contact"
            >
              <div
                class="StyledBox-sc-13pk1d4-0 gVMsju"
              >
                <span
                  class="StyledText-sc-1sadyjn-0 KoMJG"
                >
                  contact
                </span>
              </div>
            </a>
            <a
              class="StyledButton-sc-323bzc-0 kIqGcK"
              href="/legal"
            >
              <div
                class="StyledBox-sc-13pk1d4-0 gVMsju"
              >
                <span
                  class="StyledText-sc-1sadyjn-0 KoMJG"
                >
                  legal
                </span>
              </div>
            </a>
            <button
              class="StyledButton-sc-323bzc-0 kIqGcK"
              title="add a page"
              type="button"
            >
              <div
                class="StyledBox-sc-13pk1d4-0 gaBPXI"
              >
                <svg
                  aria-label="FormAdd"
                  class="StyledIcon-sc-ofa7kd-0 bsfwzU"
                  viewBox="0 0 24 24"
                >
                  <path
                    d="M12 18V6m-6 6h12"
                    fill="none"
                    stroke="#000"
                    stroke-width="2"
                  />
                </svg>
              </div>
            </button>
          </div>
        </div>
        <button
          class="StyledButton-sc-323bzc-0 kIqGcK"
          title="add a chapter"
          type="button"
        >
          <div
            class="StyledBox-sc-13pk1d4-0 gaBPXI"
          >
            <svg
              aria-label="FormAdd"
              class="StyledIcon-sc-ofa7kd-0 bsfwzU"
              viewBox="0 0 24 24"
            >
              <path
                d="M12 18V6m-6 6h12"
                fill="none"
                stroke="#000"
                stroke-width="2"
              />
            </svg>
          </div>
        </button>
      </div>
    </div>
    <div
      class="StyledBox-sc-13pk1d4-0 eXQCEV"
    >
      <div
        class="StyledBox-sc-13pk1d4-0 eVUqjt"
      >
        <button
          class="StyledButton-sc-323bzc-0 frUvoK"
          type="button"
        >
          <div
            class="StyledBox-sc-13pk1d4-0 looPps"
          >
            content
          </div>
        </button>
        <button
          class="StyledButton-sc-323bzc-0 frUvoK"
          type="button"
        >
          <div
            class="StyledBox-sc-13pk1d4-0 iihVfL"
          >
            details
          </div>
        </button>
      </div>
      <div
        class="StyledBox-sc-13pk1d4-0 MXJld"
      >
        <textarea
          class="StyledTextArea-sc-17i3mwp-0 gqyMud"
          id="content"
          name="content"
        >
          # My Site
        </textarea>
      </div>
    </div>
    <div
      class="StyledBox-sc-13pk1d4-0 eDQEki"
    >
      <div
        class="StyledBox-sc-13pk1d4-0 jclSia"
      >
        <svg
          aria-label="Document"
          class="StyledIcon-sc-ofa7kd-0 BTfHE"
          viewBox="0 0 24 24"
        >
          <path
            d="M14 1v7h7m0 15H3V1h12l3 3 3 3v16z"
            fill="none"
            stroke="#000"
            stroke-width="2"
          />
        </svg>
      </div>
    </div>
  </div>
</div>
`;

exports[`App empty 2`] = `
<div
  class="StyledGrommet-sc-19lkkz7-0 Tyrqd"
  style="min-height: 100vh;"
>
  <div
    class="StyledGrid-sc-1wofa1l-0 coLLCH"
  >
    <div
      class="StyledBox-sc-13pk1d4-0 gVMnUQ"
    >
      <div
        class="StyledBox-sc-13pk1d4-0 hevOYs"
      >
        <div
          class="StyledBox-sc-13pk1d4-0 fHIHJf"
        >
          <button
            class="StyledButton-sc-323bzc-0 dOEgHg"
            title="choose another site"
            type="button"
          >
            <svg
              aria-label="Apps"
              class="StyledIcon-sc-ofa7kd-0 eJclys"
              viewBox="0 0 24 24"
            >
              <path
                d="M19 5h2V3h-2v2zm-8 0h2V3h-2v2zM3 5h2V3H3v2zm16 8h2v-2h-2v2zm-8 0h2v-2h-2v2zm-8 0h2v-2H3v2zm16 8h2v-2h-2v2zm-8 0h2v-2h-2v2zm-8 0h2v-2H3v2z"
                fill="none"
                stroke="#000"
                stroke-width="2"
              />
            </svg>
          </button>
        </div>
        <div
          class="StyledBox-sc-13pk1d4-0 fHIHJf"
        >
          <button
            class="StyledButton-sc-323bzc-0 fCysDe"
            disabled=""
            title="undo last change"
            type="button"
          >
            <svg
              aria-label="Undo"
              class="StyledIcon-sc-ofa7kd-0 eJclys"
              viewBox="0 0 24 24"
            >
              <path
                d="M7.18 4 8.6 5.44 6.06 8h9.71a6 6 0 0 1 0 12h-2v-2h2a4 4 0 0 0 0-8H6.06l2.54 2.51-1.42 1.41L2.23 9z"
              />
            </svg>
          </button>
        </div>
        <div
          class="StyledBox-sc-13pk1d4-0 fHIHJf"
        >
          <button
            class="StyledButton-sc-323bzc-0 fCysDe"
            disabled=""
            title="redo last change"
            type="button"
          >
            <svg
              aria-label="Redo"
              class="StyledIcon-sc-ofa7kd-0 eJclys"
              viewBox="0 0 24 24"
            >
              <path
                d="M16.82 4 15.4 5.44 17.94 8H8.23a6 6 0 0 0 0 12h2v-2h-2a4 4 0 0 1 0-8h9.71l-2.54 2.51 1.41 1.41L21.77 9z"
              />
            </svg>
          </button>
        </div>
        <div
          class="StyledBox-sc-13pk1d4-0 fHIHJf"
        >
          <button
            class="StyledButton-sc-323bzc-0 dOEgHg"
            type="button"
          >
            <svg
              aria-label="Share"
              class="StyledIcon-sc-ofa7kd-0 eJclys"
              viewBox="0 0 24 24"
            >
              <path
                d="M19 13v10H1V5h10m3-4h9v9m-13 4L23 1 10 14z"
                fill="none"
                stroke="#000"
                stroke-width="2"
              />
            </svg>
          </button>
        </div>
      </div>
      <div
        class="StyledBox-sc-13pk1d4-0 fHIHJf"
      >
        <a
          class="StyledButton-sc-323bzc-0 iNHIgu"
          href="/"
        >
          <div
            class="StyledBox-sc-13pk1d4-0 aNszv"
          >
            <span
              class="StyledText-sc-1sadyjn-0 hMxfug"
            >
              My Site
            </span>
          </div>
        </a>
        <div
          class="StyledBox-sc-13pk1d4-0 fHIHJf"
        >
          <a
            class="StyledButton-sc-323bzc-0 kIqGcK"
            href="/welcome"
          >
            <div
              class="StyledBox-sc-13pk1d4-0 gVMsju"
            >
              <span
                class="StyledText-sc-1sadyjn-0 KoMJG"
              >
                welcome
              </span>
            </div>
          </a>
          <div
            class="StyledBox-sc-13pk1d4-0 dumUMO"
          >
            <a
              class="StyledButton-sc-323bzc-0 kIqGcK"
              href="/join"
            >
              <div
                class="StyledBox-sc-13pk1d4-0 gVMsju"
              >
                <span
                  class="StyledText-sc-1sadyjn-0 KoMJG"
                >
                  join
                </span>
              </div>
            </a>
            <a
              class="StyledButton-sc-323bzc-0 kIqGcK"
              href="/explore"
            >
              <div
                class="StyledBox-sc-13pk1d4-0 gVMsju"
              >
                <span
                  class="StyledText-sc-1sadyjn-0 KoMJG"
                >
                  explore
                </span>
              </div>
            </a>
            <button
              class="StyledButton-sc-323bzc-0 kIqGcK"
              title="add a page"
              type="button"
            >
              <div
                class="StyledBox-sc-13pk1d4-0 gaBPXI"
              >
                <svg
                  aria-label="FormAdd"
                  class="StyledIcon-sc-ofa7kd-0 bsfwzU"
                  viewBox="0 0 24 24"
                >
                  <path
                    d="M12 18V6m-6 6h12"
                    fill="none"
                    stroke="#000"
                    stroke-width="2"
                  />
                </svg>
              </div>
            </button>
          </div>
        </div>
        <div
          class="StyledBox-sc-13pk1d4-0 fHIHJf"
        >
          <a
            class="StyledButton-sc-323bzc-0 kIqGcK"
            href="/about"
          >
            <div
              class="StyledBox-sc-13pk1d4-0 gVMsju"
            >
              <span
                class="StyledText-sc-1sadyjn-0 KoMJG"
              >
                about
              </span>
            </div>
          </a>
          <div
            class="StyledBox-sc-13pk1d4-0 dumUMO"
          >
            <a
              class="StyledButton-sc-323bzc-0 kIqGcK"
              href="/contact"
            >
              <div
                class="StyledBox-sc-13pk1d4-0 gVMsju"
              >
                <span
                  class="StyledText-sc-1sadyjn-0 KoMJG"
                >
                  contact
                </span>
              </div>
            </a>
            <a
              class="StyledButton-sc-323bzc-0 kIqGcK"
              href="/legal"
            >
              <div
                class="StyledBox-sc-13pk1d4-0 gVMsju"
              >
                <span
                  class="StyledText-sc-1sadyjn-0 KoMJG"
                >
                  legal
                </span>
              </div>
            </a>
            <button
              class="StyledButton-sc-323bzc-0 kIqGcK"
              title="add a page"
              type="button"
            >
              <div
                class="StyledBox-sc-13pk1d4-0 gaBPXI"
              >
                <svg
                  aria-label="FormAdd"
                  class="StyledIcon-sc-ofa7kd-0 bsfwzU"
                  viewBox="0 0 24 24"
                >
                  <path
                    d="M12 18V6m-6 6h12"
                    fill="none"
                    stroke="#000"
                    stroke-width="2"
                  />
                </svg>
              </div>
            </button>
          </div>
        </div>
        <button
          class="StyledButton-sc-323bzc-0 kIqGcK"
          title="add a chapter"
          type="button"
        >
          <div
            class="StyledBox-sc-13pk1d4-0 gaBPXI"
          >
            <svg
              aria-label="FormAdd"
              class="StyledIcon-sc-ofa7kd-0 bsfwzU"
              viewBox="0 0 24 24"
            >
              <path
                d="M12 18V6m-6 6h12"
                fill="none"
                stroke="#000"
                stroke-width="2"
              />
            </svg>
          </div>
        </button>
      </div>
    </div>
    <div
      class="StyledBox-sc-13pk1d4-0 eXQCEV"
    >
      <div
        class="StyledBox-sc-13pk1d4-0 eVUqjt"
      >
        <button
          class="StyledButton-sc-323bzc-0 frUvoK"
          type="button"
        >
          <div
            class="StyledBox-sc-13pk1d4-0 looPps"
          >
            content
          </div>
        </button>
        <button
          class="StyledButton-sc-323bzc-0 frUvoK"
          type="button"
        >
          <div
            class="StyledBox-sc-13pk1d4-0 iihVfL"
          >
            details
          </div>
        </button>
      </div>
      <div
        class="StyledBox-sc-13pk1d4-0 MXJld"
      >
        <textarea
          class="StyledTextArea-sc-17i3mwp-0 gqyMud"
          id="content"
          name="content"
        >
          # My Site
        </textarea>
      </div>
    </div>
    <div
      class="StyledBox-sc-13pk1d4-0 eDQEki"
    >
      <div
        class="StyledBox-sc-13pk1d4-0 jclSia"
      >
        <svg
          aria-label="Document"
          class="StyledIcon-sc-ofa7kd-0 BTfHE"
          viewBox="0 0 24 24"
        >
          <path
            d="M14 1v7h7m0 15H3V1h12l3 3 3 3v16z"
            fill="none"
            stroke="#000"
            stroke-width="2"
          />
        </svg>
      </div>
    </div>
  </div>
</div>
`;
